// Jest Snapshot v1, https://goo.gl/fbAQLP

exports[`organisms/Article Default play-test 1`] = `
<article data-testid="Article"
         class="sc-eowDPD iMDoqX"
>
  <h1 data-testid="Heading"
      class="sc-hfvVTD dcGPuN sc-iAlELC eeFioF"
  >
    Article heading
  </h1>
  <time datetime="2024-01-01T00:00:00.000Z"
        class="sc-oeqTF lmvAm"
  >
    1st January 2024
  </time>
  <br data-testid="Spacer"
      class="sc-pFPEP jOJHEi"
  >
  <figure class="sc-ezTrPE jVCBys">
    <img alt="Article heading"
         fetchpriority="high"
         decoding="async"
         data-nimg="fill"
         class="sc-drnuxz bXzTOE"
         sizes="100vw"
         srcset="/static/media/entities/assets/am.svg?w=640&amp;q=75 640w, /static/media/entities/assets/am.svg?w=750&amp;q=75 750w, /static/media/entities/assets/am.svg?w=828&amp;q=75 828w, /static/media/entities/assets/am.svg?w=1080&amp;q=75 1080w, /static/media/entities/assets/am.svg?w=1200&amp;q=75 1200w, /static/media/entities/assets/am.svg?w=1920&amp;q=75 1920w, /static/media/entities/assets/am.svg?w=2048&amp;q=75 2048w, /static/media/entities/assets/am.svg?w=3840&amp;q=75 3840w"
         src="/static/media/entities/assets/am.svg?w=3840&amp;q=75"
         style="position: absolute; height: 100%; width: 100%; inset: 0px; object-fit: cover; color: transparent;"
    >
  </figure>
  <br data-testid="Spacer"
      class="sc-pFPEP jOJJCx"
  >
  <div class="sc-hDcvty hROsLr">
    hello world
  </div>
</article>
`;
