// Jest Snapshot v1, https://goo.gl/fbAQLP

exports[`molecules/FanPlayer Default play-test 1`] = `
<div data-testid="FanPlayer"
     class="sc-kGqRax hEJeCg"
>
  <audio controls
         autoplay
         loop
         data-testid="Audio"
         class="sc-braxZu kidHpR"
  >
    <source src="https://cdn.pixabay.com/download/audio/2022/03/09/audio_03be2a739e.mp3?filename=an-oscillating-fan-23785.mp3"
            type="audio/mpeg"
            data-testid="AudioSource"
    >
  </audio>
</div>
`;
