// Jest Snapshot v1, https://goo.gl/fbAQLP

exports[`atoms/TextMask Default play-test 1`] = `
<div data-testid="TextMask"
     class="sc-ezTrPE dLWVaC"
>
  <svg xmlns="http://www.w3.org/2000/svg"
       viewbox="0 0 100 100"
  >
    <defs>
      <mask id="mask"
            x="0"
            y="0"
            width="100"
            height="100"
      >
        <rect x="0"
              y="0"
              width="100"
              height="100"
              fill="white"
        >
        </rect>
        <text x="50"
              y="50"
              class="sc-hDcvty kXMNnC"
        >
          hello
        </text>
      </mask>
    </defs>
    <rect x="0"
          y="0"
          height="100"
          width="100"
          class="sc-drnuxz fsrnSl"
    >
    </rect>
  </svg>
</div>
`;
