// Jest Snapshot v1, https://goo.gl/fbAQLP

exports[`atoms/Heading H1 play-test 1`] = `
<h1 data-testid="Heading"
    class="sc-hDcvty hInCPP"
>
  Heading 1
</h1>
`;

exports[`atoms/Heading H2 play-test 1`] = `
<h2 data-testid="Heading"
    class="sc-hDcvty jRnwhu"
>
  Heading 2
</h2>
`;

exports[`atoms/Heading H3 play-test 1`] = `
<h3 data-testid="Heading"
    class="sc-hDcvty jxTMaz"
>
  Heading 3
</h3>
`;

exports[`atoms/Heading H4 play-test 1`] = `
<h4 data-testid="Heading"
    class="sc-hDcvty jxTMaz"
>
  Heading 4
</h4>
`;

exports[`atoms/Heading H5 play-test 1`] = `
<h5 data-testid="Heading"
    class="sc-hDcvty jxTMaz"
>
  Heading 5
</h5>
`;

exports[`atoms/Heading H6 play-test 1`] = `
<h6 data-testid="Heading"
    class="sc-hDcvty jxTMaz"
>
  Heading 6
</h6>
`;
